would reformat /raid5/source/test/prism/src/prism/scanner_config/marker.py
would reformat /raid5/source/test/prism/src/prism/errors.py
would reformat /raid5/source/test/prism/src/prism/scanner_config/style_aliases.py
would reformat /raid5/source/test/prism/src/prism/repo_services.py
would reformat /raid5/source/test/prism/src/prism/scanner_config/readme.py
would reformat /raid5/source/test/prism/src/prism/scanner_core/protocols_runtime.py
would reformat /raid5/source/test/prism/src/prism/cli.py
would reformat /raid5/source/test/prism/src/prism/scanner_extract/__init__.py
would reformat /raid5/source/test/prism/src/prism/scanner_extract/variable_extractor.py
would reformat /raid5/source/test/prism/src/prism/scanner_config/style_parser.py
would reformat /raid5/source/test/prism/src/prism/scanner_extract/filter_scanner.py
would reformat /raid5/source/test/prism/src/prism/scanner_io/output.py
would reformat /raid5/source/test/prism/src/prism/scanner_kernel/scan_payload_helpers.py
would reformat /raid5/source/test/prism/src/prism/scanner_plugins/ansible/extract_policies.py
would reformat /raid5/source/test/prism/src/prism/scanner_plugins/ansible/kernel.py
would reformat /raid5/source/test/prism/src/prism/scanner_io/collection_plugins.py
would reformat /raid5/source/test/prism/src/prism/scanner_plugins/discovery.py
would reformat /raid5/source/test/prism/src/prism/scanner_plugins/bundle_resolver.py
would reformat /raid5/source/test/prism/src/prism/scanner_kernel/orchestrator.py
would reformat /raid5/source/test/prism/src/prism/scanner_readme/render.py
would reformat /raid5/source/test/prism/src/prism/tests/test_archive_completed_review_plans.py
would reformat /raid5/source/test/prism/src/prism/scanner_plugins/ansible/variable_discovery.py
would reformat /raid5/source/test/prism/src/prism/tests/test_audit_plugin.py
would reformat /raid5/source/test/prism/src/prism/tests/test_cli_app.py
would reformat /raid5/source/test/prism/src/prism/scanner_plugins/registry.py
would reformat /raid5/source/test/prism/src/prism/tests/test_errors.py
would reformat /raid5/source/test/prism/src/prism/tests/test_api_cli_repo_parity.py
would reformat /raid5/source/test/prism/src/prism/tests/test_package_export_parity.py
would reformat /raid5/source/test/prism/src/prism/tests/test_plugin_extract_boundary.py
would reformat /raid5/source/test/prism/src/prism/tests/test_platform_routing_fail_closed.py
would reformat /raid5/source/test/prism/src/prism/tests/test_readme_parity.py
would reformat /raid5/source/test/prism/src/prism/tests/test_mutl3y_plan_contract_validator.py
would reformat /raid5/source/test/prism/src/prism/tests/test_readme_renderer_plugin_isolation.py
would reformat /raid5/source/test/prism/src/prism/tests/test_readme_renderer_plugin_parity.py
would reformat /raid5/source/test/prism/src/prism/tests/test_readme_renderer_plugin_protocol.py
would reformat /raid5/source/test/prism/src/prism/tests/test_collection_contract.py
would reformat /raid5/source/test/prism/src/prism/tests/test_readme_renderer_registry_wiring.py
would reformat /raid5/source/test/prism/src/prism/tests/test_scan_facade_helpers.py
would reformat /raid5/source/test/prism/src/prism/tests/test_record_execution_trace.py
would reformat /raid5/source/test/prism/src/prism/tests/test_scanner_config.py
would reformat /raid5/source/test/prism/src/prism/tests/test_scanner_readme_init.py
would reformat /raid5/source/test/prism/src/prism/tests/test_scanner_extract_shim_parity.py
would reformat /raid5/source/test/prism/src/prism/tests/test_t1_02_coverage_lift_batch2.py
would reformat /raid5/source/test/prism/src/prism/tests/test_scanner_parity.py
would reformat /raid5/source/test/prism/src/prism/tests/test_t2_04_stateless_marker.py
would reformat /raid5/source/test/prism/src/prism/tests/test_plugin_kernel_extension_parity.py
would reformat /raid5/source/test/prism/src/prism/tests/test_t1_02_coverage_lift_batch3.py
would reformat /raid5/source/test/prism/src/prism/tests/test_t1_02_coverage_lift_batch4.py
would reformat /raid5/source/test/prism/src/prism/tests/test_task_annotation_alias_matrix.py

Oh no! 💥 💔 💥
49 files would be reformatted, 183 files would be left unchanged.
